Archive member included to satisfy reference by file (symbol)

c:/st/stm32cubeide_1.12.0/stm32cubeide/plugins/com.st.stm32cube.ide.mcu.externaltools.gnu-tools-for-stm32.10.3-2021.10.win32_1.0.200.202301161003/tools/bin/../lib/gcc/arm-none-eabi/10.3.1/../../../../arm-none-eabi/lib/thumb/v7-m/nofp\libc_nano.a(lib_a-errno.o)
                              ./Core/Src/syscalls.o (__errno)
c:/st/stm32cubeide_1.12.0/stm32cubeide/plugins/com.st.stm32cube.ide.mcu.externaltools.gnu-tools-for-stm32.10.3-2021.10.win32_1.0.200.202301161003/tools/bin/../lib/gcc/arm-none-eabi/10.3.1/../../../../arm-none-eabi/lib/thumb/v7-m/nofp\libc_nano.a(lib_a-exit.o)
                              c:/st/stm32cubeide_1.12.0/stm32cubeide/plugins/com.st.stm32cube.ide.mcu.externaltools.gnu-tools-for-stm32.10.3-2021.10.win32_1.0.200.202301161003/tools/bin/../lib/gcc/arm-none-eabi/10.3.1/../../../../arm-none-eabi/lib/thumb/v7-m/nofp/crt0.o (exit)
c:/st/stm32cubeide_1.12.0/stm32cubeide/plugins/com.st.stm32cube.ide.mcu.externaltools.gnu-tools-for-stm32.10.3-2021.10.win32_1.0.200.202301161003/tools/bin/../lib/gcc/arm-none-eabi/10.3.1/../../../../arm-none-eabi/lib/thumb/v7-m/nofp\libc_nano.a(lib_a-impure.o)
                              c:/st/stm32cubeide_1.12.0/stm32cubeide/plugins/com.st.stm32cube.ide.mcu.externaltools.gnu-tools-for-stm32.10.3-2021.10.win32_1.0.200.202301161003/tools/bin/../lib/gcc/arm-none-eabi/10.3.1/../../../../arm-none-eabi/lib/thumb/v7-m/nofp\libc_nano.a(lib_a-exit.o) (_global_impure_ptr)
c:/st/stm32cubeide_1.12.0/stm32cubeide/plugins/com.st.stm32cube.ide.mcu.externaltools.gnu-tools-for-stm32.10.3-2021.10.win32_1.0.200.202301161003/tools/bin/../lib/gcc/arm-none-eabi/10.3.1/../../../../arm-none-eabi/lib/thumb/v7-m/nofp\libc_nano.a(lib_a-init.o)
                              c:/st/stm32cubeide_1.12.0/stm32cubeide/plugins/com.st.stm32cube.ide.mcu.externaltools.gnu-tools-for-stm32.10.3-2021.10.win32_1.0.200.202301161003/tools/bin/../lib/gcc/arm-none-eabi/10.3.1/../../../../arm-none-eabi/lib/thumb/v7-m/nofp/crt0.o (__libc_init_array)
c:/st/stm32cubeide_1.12.0/stm32cubeide/plugins/com.st.stm32cube.ide.mcu.externaltools.gnu-tools-for-stm32.10.3-2021.10.win32_1.0.200.202301161003/tools/bin/../lib/gcc/arm-none-eabi/10.3.1/../../../../arm-none-eabi/lib/thumb/v7-m/nofp\libc_nano.a(lib_a-memset.o)
                              c:/st/stm32cubeide_1.12.0/stm32cubeide/plugins/com.st.stm32cube.ide.mcu.externaltools.gnu-tools-for-stm32.10.3-2021.10.win32_1.0.200.202301161003/tools/bin/../lib/gcc/arm-none-eabi/10.3.1/../../../../arm-none-eabi/lib/thumb/v7-m/nofp/crt0.o (memset)
c:/st/stm32cubeide_1.12.0/stm32cubeide/plugins/com.st.stm32cube.ide.mcu.externaltools.gnu-tools-for-stm32.10.3-2021.10.win32_1.0.200.202301161003/tools/bin/../lib/gcc/arm-none-eabi/10.3.1/thumb/v7-m/nofp\libgcc.a(_aeabi_uldivmod.o)
                              ./Drivers/STM32F2xx_HAL_Driver/Src/stm32f2xx_hal_rcc.o (__aeabi_uldivmod)
c:/st/stm32cubeide_1.12.0/stm32cubeide/plugins/com.st.stm32cube.ide.mcu.externaltools.gnu-tools-for-stm32.10.3-2021.10.win32_1.0.200.202301161003/tools/bin/../lib/gcc/arm-none-eabi/10.3.1/thumb/v7-m/nofp\libgcc.a(_udivmoddi4.o)
                              c:/st/stm32cubeide_1.12.0/stm32cubeide/plugins/com.st.stm32cube.ide.mcu.externaltools.gnu-tools-for-stm32.10.3-2021.10.win32_1.0.200.202301161003/tools/bin/../lib/gcc/arm-none-eabi/10.3.1/thumb/v7-m/nofp\libgcc.a(_aeabi_uldivmod.o) (__udivmoddi4)
c:/st/stm32cubeide_1.12.0/stm32cubeide/plugins/com.st.stm32cube.ide.mcu.externaltools.gnu-tools-for-stm32.10.3-2021.10.win32_1.0.200.202301161003/tools/bin/../lib/gcc/arm-none-eabi/10.3.1/thumb/v7-m/nofp\libgcc.a(_dvmd_tls.o)
                              c:/st/stm32cubeide_1.12.0/stm32cubeide/plugins/com.st.stm32cube.ide.mcu.externaltools.gnu-tools-for-stm32.10.3-2021.10.win32_1.0.200.202301161003/tools/bin/../lib/gcc/arm-none-eabi/10.3.1/thumb/v7-m/nofp\libgcc.a(_aeabi_uldivmod.o) (__aeabi_ldiv0)

Discarded input sections

 .text          0x0000000000000000        0x0 c:/st/stm32cubeide_1.12.0/stm32cubeide/plugins/com.st.stm32cube.ide.mcu.externaltools.gnu-tools-for-stm32.10.3-2021.10.win32_1.0.200.202301161003/tools/bin/../lib/gcc/arm-none-eabi/10.3.1/thumb/v7-m/nofp/crti.o
 .data          0x0000000000000000        0x0 c:/st/stm32cubeide_1.12.0/stm32cubeide/plugins/com.st.stm32cube.ide.mcu.externaltools.gnu-tools-for-stm32.10.3-2021.10.win32_1.0.200.202301161003/tools/bin/../lib/gcc/arm-none-eabi/10.3.1/thumb/v7-m/nofp/crti.o
 .bss           0x0000000000000000        0x0 c:/st/stm32cubeide_1.12.0/stm32cubeide/plugins/com.st.stm32cube.ide.mcu.externaltools.gnu-tools-for-stm32.10.3-2021.10.win32_1.0.200.202301161003/tools/bin/../lib/gcc/arm-none-eabi/10.3.1/thumb/v7-m/nofp/crti.o
 .data          0x0000000000000000        0x4 c:/st/stm32cubeide_1.12.0/stm32cubeide/plugins/com.st.stm32cube.ide.mcu.externaltools.gnu-tools-for-stm32.10.3-2021.10.win32_1.0.200.202301161003/tools/bin/../lib/gcc/arm-none-eabi/10.3.1/thumb/v7-m/nofp/crtbegin.o
[...]
Memory Configuration

Name             Origin             Length             Attributes
RAM              0x0000000020000000 0x0000000000020000 xrw
FLASH            0x0000000008000000 0x0000000000080000 xr
*default*        0x0000000000000000 0xffffffffffffffff

Linker script and memory map

LOAD c:/st/stm32cubeide_1.12.0/stm32cubeide/plugins/com.st.stm32cube.ide.mcu.externaltools.gnu-tools-for-stm32.10.3-2021.10.win32_1.0.200.202301161003/tools/bin/../lib/gcc/arm-none-eabi/10.3.1/thumb/v7-m/nofp/crti.o
LOAD c:/st/stm32cubeide_1.12.0/stm32cubeide/plugins/com.st.stm32cube.ide.mcu.externaltools.gnu-tools-for-stm32.10.3-2021.10.win32_1.0.200.202301161003/tools/bin/../lib/gcc/arm-none-eabi/10.3.1/thumb/v7-m/nofp/crtbegin.o
LOAD c:/st/stm32cubeide_1.12.0/stm32cubeide/plugins/com.st.stm32cube.ide.mcu.externaltools.gnu-tools-for-stm32.10.3-2021.10.win32_1.0.200.202301161003/tools/bin/../lib/gcc/arm-none-eabi/10.3.1/../../../../arm-none-eabi/lib/thumb/v7-m/nofp/crt0.o
LOAD ./Core/Src/main.o
LOAD ./Core/Src/stm32f2xx_hal_msp.o
LOAD ./Core/Src/stm32f2xx_it.o
LOAD ./Core/Src/syscalls.o
LOAD ./Core/Src/sysmem.o
LOAD ./Core/Src/system_stm32f2xx.o
LOAD ./Core/Startup/startup_stm32f205vetx.o
LOAD ./Drivers/STM32F2xx_HAL_Driver/Src/stm32f2xx_hal.o
LOAD ./Drivers/STM32F2xx_HAL_Driver/Src/stm32f2xx_hal_cortex.o
LOAD ./Drivers/STM32F2xx_HAL_Driver/Src/stm32f2xx_hal_dma.o
LOAD ./Drivers/STM32F2xx_HAL_Driver/Src/stm32f2xx_hal_dma_ex.o
LOAD ./Drivers/STM32F2xx_HAL_Driver/Src/stm32f2xx_hal_exti.o
LOAD ./Drivers/STM32F2xx_HAL_Driver/Src/stm32f2xx_hal_flash.o
LOAD ./Drivers/STM32F2xx_HAL_Driver/Src/stm32f2xx_hal_flash_ex.o
LOAD ./Drivers/STM32F2xx_HAL_Driver/Src/stm32f2xx_hal_gpio.o
LOAD ./Drivers/STM32F2xx_HAL_Driver/Src/stm32f2xx_hal_pwr.o
LOAD ./Drivers/STM32F2xx_HAL_Driver/Src/stm32f2xx_hal_pwr_ex.o
LOAD ./Drivers/STM32F2xx_HAL_Driver/Src/stm32f2xx_hal_rcc.o
LOAD ./Drivers/STM32F2xx_HAL_Driver/Src/stm32f2xx_hal_rcc_ex.o
LOAD ./Drivers/STM32F2xx_HAL_Driver/Src/stm32f2xx_hal_uart.o
START GROUP
LOAD c:/st/stm32cubeide_1.12.0/stm32cubeide/plugins/com.st.stm32cube.ide.mcu.externaltools.gnu-tools-for-stm32.10.3-2021.10.win32_1.0.200.202301161003/tools/bin/../lib/gcc/arm-none-eabi/10.3.1/../../../../arm-none-eabi/lib/thumb/v7-m/nofp\libc_nano.a
LOAD c:/st/stm32cubeide_1.12.0/stm32cubeide/plugins/com.st.stm32cube.ide.mcu.externaltools.gnu-tools-for-stm32.10.3-2021.10.win32_1.0.200.202301161003/tools/bin/../lib/gcc/arm-none-eabi/10.3.1/../../../../arm-none-eabi/lib/thumb/v7-m/nofp\libm.a
END GROUP
START GROUP
LOAD c:/st/stm32cubeide_1.12.0/stm32cubeide/plugins/com.st.stm32cube.ide.mcu.externaltools.gnu-tools-for-stm32.10.3-2021.10.win32_1.0.200.202301161003/tools/bin/../lib/gcc/arm-none-eabi/10.3.1/thumb/v7-m/nofp\libgcc.a
LOAD c:/st/stm32cubeide_1.12.0/stm32cubeide/plugins/com.st.stm32cube.ide.mcu.externaltools.gnu-tools-for-stm32.10.3-2021.10.win32_1.0.200.202301161003/tools/bin/../lib/gcc/arm-none-eabi/10.3.1/../../../../arm-none-eabi/lib/thumb/v7-m/nofp\libc_nano.a
END GROUP
START GROUP
LOAD c:/st/stm32cubeide_1.12.0/stm32cubeide/plugins/com.st.stm32cube.ide.mcu.externaltools.gnu-tools-for-stm32.10.3-2021.10.win32_1.0.200.202301161003/tools/bin/../lib/gcc/arm-none-eabi/10.3.1/thumb/v7-m/nofp\libgcc.a
LOAD c:/st/stm32cubeide_1.12.0/stm32cubeide/plugins/com.st.stm32cube.ide.mcu.externaltools.gnu-tools-for-stm32.10.3-2021.10.win32_1.0.200.202301161003/tools/bin/../lib/gcc/arm-none-eabi/10.3.1/../../../../arm-none-eabi/lib/thumb/v7-m/nofp\libc_nano.a
LOAD c:/st/stm32cubeide_1.12.0/stm32cubeide/plugins/com.st.stm32cube.ide.mcu.externaltools.gnu-tools-for-stm32.10.3-2021.10.win32_1.0.200.202301161003/tools/bin/../lib/gcc/arm-none-eabi/10.3.1/../../../../arm-none-eabi/lib/thumb/v7-m/nofp\libnosys.a
END GROUP
START GROUP
LOAD c:/st/stm32cubeide_1.12.0/stm32cubeide/plugins/com.st.stm32cube.ide.mcu.externaltools.gnu-tools-for-stm32.10.3-2021.10.win32_1.0.200.202301161003/tools/bin/../lib/gcc/arm-none-eabi/10.3.1/thumb/v7-m/nofp\libgcc.a
LOAD c:/st/stm32cubeide_1.12.0/stm32cubeide/plugins/com.st.stm32cube.ide.mcu.externaltools.gnu-tools-for-stm32.10.3-2021.10.win32_1.0.200.202301161003/tools/bin/../lib/gcc/arm-none-eabi/10.3.1/../../../../arm-none-eabi/lib/thumb/v7-m/nofp\libc_nano.a
LOAD c:/st/stm32cubeide_1.12.0/stm32cubeide/plugins/com.st.stm32cube.ide.mcu.externaltools.gnu-tools-for-stm32.10.3-2021.10.win32_1.0.200.202301161003/tools/bin/../lib/gcc/arm-none-eabi/10.3.1/../../../../arm-none-eabi/lib/thumb/v7-m/nofp\libnosys.a
END GROUP
LOAD c:/st/stm32cubeide_1.12.0/stm32cubeide/plugins/com.st.stm32cube.ide.mcu.externaltools.gnu-tools-for-stm32.10.3-2021.10.win32_1.0.200.202301161003/tools/bin/../lib/gcc/arm-none-eabi/10.3.1/thumb/v7-m/nofp/crtend.o
LOAD c:/st/stm32cubeide_1.12.0/stm32cubeide/plugins/com.st.stm32cube.ide.mcu.externaltools.gnu-tools-for-stm32.10.3-2021.10.win32_1.0.200.202301161003/tools/bin/../lib/gcc/arm-none-eabi/10.3.1/thumb/v7-m/nofp/crtn.o
                0x0000000020020000                _estack = (ORIGIN (RAM) + LENGTH (RAM))
                0x0000000000000200                _Min_Heap_Size = 0x200
                0x0000000000000400                _Min_Stack_Size = 0x400

.isr_vector     0x0000000008000000      0x184
                0x0000000008000000                . = ALIGN (0x4)
 *(.isr_vector)
 .isr_vector    0x0000000008000000      0x184 ./Core/Startup/startup_stm32f205vetx.o
                0x0000000008000000                g_pfnVectors
                0x0000000008000184                . = ALIGN (0x4)

.text           0x0000000008000184     0x2624
                0x0000000008000184                . = ALIGN (0x4)
 *(.text)
 .text          0x0000000008000184       0x40 c:/st/stm32cubeide_1.12.0/stm32cubeide/plugins/com.st.stm32cube.ide.mcu.externaltools.gnu-tools-for-stm32.10.3-2021.10.win32_1.0.200.202301161003/tools/bin/../lib/gcc/arm-none-eabi/10.3.1/thumb/v7-m/nofp/crtbegin.o
 .text          0x00000000080001c4       0x30 c:/st/stm32cubeide_1.12.0/stm32cubeide/plugins/com.st.stm32cube.ide.mcu.externaltools.gnu-tools-for-stm32.10.3-2021.10.win32_1.0.200.202301161003/tools/bin/../lib/gcc/arm-none-eabi/10.3.1/thumb/v7-m/nofp\libgcc.a(_aeabi_uldivmod.o)
                0x00000000080001c4                __aeabi_uldivmod
 .text          0x00000000080001f4      0x2d4 c:/st/stm32cubeide_1.12.0/stm32cubeide/plugins/com.st.stm32cube.ide.mcu.externaltools.gnu-tools-for-stm32.10.3-2021.10.win32_1.0.200.202301161003/tools/bin/../lib/gcc/arm-none-eabi/10.3.1/thumb/v7-m/nofp\libgcc.a(_udivmoddi4.o)
                0x00000000080001f4                __udivmoddi4
 .text          0x00000000080004c8        0x4 c:/st/stm32cubeide_1.12.0/stm32cubeide/plugins/com.st.stm32cube.ide.mcu.externaltools.gnu-tools-for-stm32.10.3-2021.10.win32_1.0.200.202301161003/tools/bin/../lib/gcc/arm-none-eabi/10.3.1/thumb/v7-m/nofp\libgcc.a(_dvmd_tls.o)
                0x00000000080004c8                __aeabi_idiv0
                0x00000000080004c8                __aeabi_ldiv0
 *(.text*)
 .text.main     0x00000000080004cc       0x2c ./Core/Src/main.o
                0x00000000080004cc                main
 .text.SystemClock_Config
                0x00000000080004f8       0x76 ./Core/Src/main.o
                0x00000000080004f8                SystemClock_Config
 *fill*         0x000000000800056e        0x2 
 .text.MX_USART2_UART_Init
                0x0000000008000570       0x54 ./Core/Src/main.o
 .text.MX_GPIO_Init
                0x00000000080005c4       0x30 ./Core/Src/main.o
 .text.calculate_crc
                0x00000000080005f4       0x74 ./Core/Src/main.o
                0x00000000080005f4                calculate_crc
 .text.check_crc
                0x0000000008000668       0x50 ./Core/Src/main.o
                0x0000000008000668                check_crc
 .text.Send_data_crc
                0x00000000080006b8       0x74 ./Core/Src/main.o
                0x00000000080006b8                Send_data_crc
 .text.readHoldingRegs
                0x000000000800072c       0xc8 ./Core/Src/main.o
                0x000000000800072c                readHoldingRegs
 .text.writeMultRegs
                0x00000000080007f4       0xd8 ./Core/Src/main.o
                0x00000000080007f4                writeMultRegs
 .text.HAL_UARTEx_RxEventCallback
                0x00000000080008cc      0x15c ./Core/Src/main.o
                0x00000000080008cc                HAL_UARTEx_RxEventCallback
 .text.Error_Handler
                0x0000000008000a28        0xa ./Core/Src/main.o
                0x0000000008000a28                Error_Handler
 *fill*         0x0000000008000a32        0x2 
 .text.HAL_MspInit
                0x0000000008000a34       0x4c ./Core/Src/stm32f2xx_hal_msp.o
                0x0000000008000a34                HAL_MspInit
 .text.HAL_UART_MspInit
                0x0000000008000a80       0xa0 ./Core/Src/stm32f2xx_hal_msp.o
                0x0000000008000a80                HAL_UART_MspInit
 .text.NMI_Handler
                0x0000000008000b20        0x6 ./Core/Src/stm32f2xx_it.o
                0x0000000008000b20                NMI_Handler
 .text.HardFault_Handler
                0x0000000008000b26        0x6 ./Core/Src/stm32f2xx_it.o
                0x0000000008000b26                HardFault_Handler
 .text.MemManage_Handler
                0x0000000008000b2c        0x6 ./Core/Src/stm32f2xx_it.o
                0x0000000008000b2c                MemManage_Handler
 .text.BusFault_Handler
                0x0000000008000b32        0x6 ./Core/Src/stm32f2xx_it.o
                0x0000000008000b32                BusFault_Handler
 .text.UsageFault_Handler
                0x0000000008000b38        0x6 ./Core/Src/stm32f2xx_it.o
                0x0000000008000b38                UsageFault_Handler
 .text.SVC_Handler
                0x0000000008000b3e        0xc ./Core/Src/stm32f2xx_it.o
                0x0000000008000b3e                SVC_Handler
 .text.DebugMon_Handler
                0x0000000008000b4a        0xc ./Core/Src/stm32f2xx_it.o
                0x0000000008000b4a                DebugMon_Handler
 .text.PendSV_Handler
                0x0000000008000b56        0xc ./Core/Src/stm32f2xx_it.o
                0x0000000008000b56                PendSV_Handler
 .text.SysTick_Handler
                0x0000000008000b62        0xc ./Core/Src/stm32f2xx_it.o
                0x0000000008000b62                SysTick_Handler
 *fill*         0x0000000008000b6e        0x2 
 .text.USART2_IRQHandler
                0x0000000008000b70       0x14 ./Core/Src/stm32f2xx_it.o
                0x0000000008000b70                USART2_IRQHandler
 .text.SystemInit
                0x0000000008000b84        0xc ./Core/Src/system_stm32f2xx.o
                0x0000000008000b84                SystemInit
 .text.Reset_Handler
                0x0000000008000b90       0x50 ./Core/Startup/startup_stm32f205vetx.o
                0x0000000008000b90                Reset_Handler
 .text.Default_Handler
                0x0000000008000be0        0x2 ./Core/Startup/startup_stm32f205vetx.o
                0x0000000008000be0                RTC_Alarm_IRQHandler
                0x0000000008000be0                HASH_RNG_IRQHandler
                0x0000000008000be0                EXTI2_IRQHandler
                0x0000000008000be0                TIM8_CC_IRQHandler
                0x0000000008000be0                TIM1_CC_IRQHandler
                0x0000000008000be0                DMA2_Stream5_IRQHandler
                0x0000000008000be0                DMA1_Stream5_IRQHandler
                0x0000000008000be0                PVD_IRQHandler
                0x0000000008000be0                SDIO_IRQHandler
                0x0000000008000be0                TAMP_STAMP_IRQHandler
                0x0000000008000be0                CAN2_RX1_IRQHandler
                0x0000000008000be0                EXTI3_IRQHandler
                0x0000000008000be0                TIM8_TRG_COM_TIM14_IRQHandler
                0x0000000008000be0                TIM1_UP_TIM10_IRQHandler
                0x0000000008000be0                TIM8_UP_TIM13_IRQHandler
                0x0000000008000be0                I2C3_ER_IRQHandler
                0x0000000008000be0                EXTI0_IRQHandler
                0x0000000008000be0                I2C2_EV_IRQHandler
                0x0000000008000be0                DMA1_Stream2_IRQHandler
                0x0000000008000be0                CAN1_RX0_IRQHandler
                0x0000000008000be0                OTG_HS_WKUP_IRQHandler
                0x0000000008000be0                CAN2_SCE_IRQHandler
                0x0000000008000be0                DMA2_Stream2_IRQHandler
                0x0000000008000be0                SPI1_IRQHandler
                0x0000000008000be0                TIM6_DAC_IRQHandler
                0x0000000008000be0                TIM1_BRK_TIM9_IRQHandler
                0x0000000008000be0                CAN2_RX0_IRQHandler
                0x0000000008000be0                DMA2_Stream3_IRQHandler
                0x0000000008000be0                USART6_IRQHandler
                0x0000000008000be0                USART3_IRQHandler
                0x0000000008000be0                CAN1_RX1_IRQHandler
                0x0000000008000be0                UART5_IRQHandler
                0x0000000008000be0                DMA2_Stream0_IRQHandler
                0x0000000008000be0                TIM4_IRQHandler
                0x0000000008000be0                I2C1_EV_IRQHandler
                0x0000000008000be0                DMA1_Stream6_IRQHandler
                0x0000000008000be0                DMA1_Stream1_IRQHandler
                0x0000000008000be0                UART4_IRQHandler
                0x0000000008000be0                TIM3_IRQHandler
                0x0000000008000be0                RCC_IRQHandler
                0x0000000008000be0                TIM8_BRK_TIM12_IRQHandler
                0x0000000008000be0                Default_Handler
                0x0000000008000be0                EXTI15_10_IRQHandler
                0x0000000008000be0                ADC_IRQHandler
                0x0000000008000be0                DMA1_Stream7_IRQHandler
                0x0000000008000be0                TIM7_IRQHandler
                0x0000000008000be0                CAN2_TX_IRQHandler
                0x0000000008000be0                TIM5_IRQHandler
                0x0000000008000be0                DMA2_Stream7_IRQHandler
                0x0000000008000be0                I2C3_EV_IRQHandler
                0x0000000008000be0                EXTI9_5_IRQHandler
                0x0000000008000be0                RTC_WKUP_IRQHandler
                0x0000000008000be0                SPI2_IRQHandler
                0x0000000008000be0                OTG_HS_EP1_IN_IRQHandler
                0x0000000008000be0                DMA1_Stream0_IRQHandler
                0x0000000008000be0                CAN1_TX_IRQHandler
                0x0000000008000be0                EXTI4_IRQHandler
                0x0000000008000be0                FSMC_IRQHandler
                0x0000000008000be0                OTG_HS_EP1_OUT_IRQHandler
                0x0000000008000be0                WWDG_IRQHandler
                0x0000000008000be0                TIM2_IRQHandler
                0x0000000008000be0                OTG_FS_WKUP_IRQHandler
                0x0000000008000be0                TIM1_TRG_COM_TIM11_IRQHandler
                0x0000000008000be0                OTG_HS_IRQHandler
                0x0000000008000be0                EXTI1_IRQHandler
                0x0000000008000be0                I2C2_ER_IRQHandler
                0x0000000008000be0                DMA2_Stream1_IRQHandler
                0x0000000008000be0                CAN1_SCE_IRQHandler
                0x0000000008000be0                FLASH_IRQHandler
                0x0000000008000be0                DMA2_Stream4_IRQHandler
                0x0000000008000be0                USART1_IRQHandler
                0x0000000008000be0                OTG_FS_IRQHandler
                0x0000000008000be0                SPI3_IRQHandler
                0x0000000008000be0                DMA1_Stream4_IRQHandler
                0x0000000008000be0                I2C1_ER_IRQHandler
                0x0000000008000be0                DMA2_Stream6_IRQHandler
                0x0000000008000be0                DMA1_Stream3_IRQHandler
 *fill*         0x0000000008000be2        0x2 
 .text.HAL_Init
                0x0000000008000be4       0x44 ./Drivers/STM32F2xx_HAL_Driver/Src/stm32f2xx_hal.o
                0x0000000008000be4                HAL_Init
 .text.HAL_InitTick
                0x0000000008000c28       0x60 ./Drivers/STM32F2xx_HAL_Driver/Src/stm32f2xx_hal.o
                0x0000000008000c28                HAL_InitTick
 .text.HAL_IncTick
                0x0000000008000c88       0x24 ./Drivers/STM32F2xx_HAL_Driver/Src/stm32f2xx_hal.o
                0x0000000008000c88                HAL_IncTick
 .text.HAL_GetTick
                0x0000000008000cac       0x14 ./Drivers/STM32F2xx_HAL_Driver/Src/stm32f2xx_hal.o
                0x0000000008000cac                HAL_GetTick
 .text.__NVIC_SetPriorityGrouping
                0x0000000008000cc0       0x48 ./Drivers/STM32F2xx_HAL_Driver/Src/stm32f2xx_hal_cortex.o
 .text.__NVIC_GetPriorityGrouping
                0x0000000008000d08       0x1c ./Drivers/STM32F2xx_HAL_Driver/Src/stm32f2xx_hal_cortex.o
 .text.__NVIC_EnableIRQ
                0x0000000008000d24       0x38 ./Drivers/STM32F2xx_HAL_Driver/Src/stm32f2xx_hal_cortex.o
 .text.__NVIC_SetPriority
                0x0000000008000d5c       0x54 ./Drivers/STM32F2xx_HAL_Driver/Src/stm32f2xx_hal_cortex.o
 .text.NVIC_EncodePriority
                0x0000000008000db0       0x64 ./Drivers/STM32F2xx_HAL_Driver/Src/stm32f2xx_hal_cortex.o
 .text.SysTick_Config
                0x0000000008000e14       0x44 ./Drivers/STM32F2xx_HAL_Driver/Src/stm32f2xx_hal_cortex.o
 .text.HAL_NVIC_SetPriorityGrouping
                0x0000000008000e58       0x16 ./Drivers/STM32F2xx_HAL_Driver/Src/stm32f2xx_hal_cortex.o
                0x0000000008000e58                HAL_NVIC_SetPriorityGrouping
 .text.HAL_NVIC_SetPriority
                0x0000000008000e6e       0x38 ./Drivers/STM32F2xx_HAL_Driver/Src/stm32f2xx_hal_cortex.o
                0x0000000008000e6e                HAL_NVIC_SetPriority
 .text.HAL_NVIC_EnableIRQ
                0x0000000008000ea6       0x1c ./Drivers/STM32F2xx_HAL_Driver/Src/stm32f2xx_hal_cortex.o
                0x0000000008000ea6                HAL_NVIC_EnableIRQ
 .text.HAL_SYSTICK_Config
                0x0000000008000ec2       0x18 ./Drivers/STM32F2xx_HAL_Driver/Src/stm32f2xx_hal_cortex.o
                0x0000000008000ec2                HAL_SYSTICK_Config
 .text.HAL_DMA_Abort
                0x0000000008000eda       0xe0 ./Drivers/STM32F2xx_HAL_Driver/Src/stm32f2xx_hal_dma.o
                0x0000000008000eda                HAL_DMA_Abort
 .text.HAL_DMA_Abort_IT
                0x0000000008000fba       0x42 ./Drivers/STM32F2xx_HAL_Driver/Src/stm32f2xx_hal_dma.o
                0x0000000008000fba                HAL_DMA_Abort_IT
 .text.HAL_GPIO_Init
                0x0000000008000ffc      0x33c ./Drivers/STM32F2xx_HAL_Driver/Src/stm32f2xx_hal_gpio.o
                0x0000000008000ffc                HAL_GPIO_Init
 .text.HAL_RCC_OscConfig
                0x0000000008001338      0x49c ./Drivers/STM32F2xx_HAL_Driver/Src/stm32f2xx_hal_rcc.o
                0x0000000008001338                HAL_RCC_OscConfig
 .text.HAL_RCC_ClockConfig
                0x00000000080017d4      0x1d8 ./Drivers/STM32F2xx_HAL_Driver/Src/stm32f2xx_hal_rcc.o
                0x00000000080017d4                HAL_RCC_ClockConfig
 .text.HAL_RCC_GetSysClockFreq
                0x00000000080019ac      0x18c ./Drivers/STM32F2xx_HAL_Driver/Src/stm32f2xx_hal_rcc.o
                0x00000000080019ac                HAL_RCC_GetSysClockFreq
 .text.HAL_RCC_GetHCLKFreq
                0x0000000008001b38       0x14 ./Drivers/STM32F2xx_HAL_Driver/Src/stm32f2xx_hal_rcc.o
                0x0000000008001b38                HAL_RCC_GetHCLKFreq
 .text.HAL_RCC_GetPCLK1Freq
                0x0000000008001b4c       0x44 ./Drivers/STM32F2xx_HAL_Driver/Src/stm32f2xx_hal_rcc.o
                0x0000000008001b4c                HAL_RCC_GetPCLK1Freq
 .text.HAL_RCC_GetPCLK2Freq
                0x0000000008001b90       0x44 ./Drivers/STM32F2xx_HAL_Driver/Src/stm32f2xx_hal_rcc.o
                0x0000000008001b90                HAL_RCC_GetPCLK2Freq
 .text.HAL_UART_Init
                0x0000000008001bd4       0x9a ./Drivers/STM32F2xx_HAL_Driver/Src/stm32f2xx_hal_uart.o
                0x0000000008001bd4                HAL_UART_Init
 .text.HAL_UART_Transmit
                0x0000000008001c6e      0x124 ./Drivers/STM32F2xx_HAL_Driver/Src/stm32f2xx_hal_uart.o
                0x0000000008001c6e                HAL_UART_Transmit
 .text.HAL_UARTEx_ReceiveToIdle_IT
                0x0000000008001d92       0x9e ./Drivers/STM32F2xx_HAL_Driver/Src/stm32f2xx_hal_uart.o
                0x0000000008001d92                HAL_UARTEx_ReceiveToIdle_IT
 .text.HAL_UART_IRQHandler
                0x0000000008001e30      0x358 ./Drivers/STM32F2xx_HAL_Driver/Src/stm32f2xx_hal_uart.o
                0x0000000008001e30                HAL_UART_IRQHandler
 .text.HAL_UART_TxCpltCallback
                0x0000000008002188       0x12 ./Drivers/STM32F2xx_HAL_Driver/Src/stm32f2xx_hal_uart.o
                0x0000000008002188                HAL_UART_TxCpltCallback
 .text.HAL_UART_RxCpltCallback
                0x000000000800219a       0x12 ./Drivers/STM32F2xx_HAL_Driver/Src/stm32f2xx_hal_uart.o
                0x000000000800219a                HAL_UART_RxCpltCallback
 .text.HAL_UART_ErrorCallback
                0x00000000080021ac       0x12 ./Drivers/STM32F2xx_HAL_Driver/Src/stm32f2xx_hal_uart.o
                0x00000000080021ac                HAL_UART_ErrorCallback
 .text.UART_WaitOnFlagUntilTimeout
                0x00000000080021be       0x94 ./Drivers/STM32F2xx_HAL_Driver/Src/stm32f2xx_hal_uart.o
 .text.UART_Start_Receive_IT
                0x0000000008002252       0x72 ./Drivers/STM32F2xx_HAL_Driver/Src/stm32f2xx_hal_uart.o
                0x0000000008002252                UART_Start_Receive_IT
 .text.UART_EndRxTransfer
                0x00000000080022c4       0x58 ./Drivers/STM32F2xx_HAL_Driver/Src/stm32f2xx_hal_uart.o
 .text.UART_DMAAbortOnError
                0x000000000800231c       0x28 ./Drivers/STM32F2xx_HAL_Driver/Src/stm32f2xx_hal_uart.o
 .text.UART_Transmit_IT
                0x0000000008002344       0x9e ./Drivers/STM32F2xx_HAL_Driver/Src/stm32f2xx_hal_uart.o
 .text.UART_EndTransmit_IT
                0x00000000080023e2       0x30 ./Drivers/STM32F2xx_HAL_Driver/Src/stm32f2xx_hal_uart.o
 .text.UART_Receive_IT
                0x0000000008002412      0x152 ./Drivers/STM32F2xx_HAL_Driver/Src/stm32f2xx_hal_uart.o
 .text.UART_SetConfig
                0x0000000008002564      0x1d4 ./Drivers/STM32F2xx_HAL_Driver/Src/stm32f2xx_hal_uart.o
 .text.__libc_init_array
                0x0000000008002738       0x48 c:/st/stm32cubeide_1.12.0/stm32cubeide/plugins/com.st.stm32cube.ide.mcu.externaltools.gnu-tools-for-stm32.10.3-2021.10.win32_1.0.200.202301161003/tools/bin/../lib/gcc/arm-none-eabi/10.3.1/../../../../arm-none-eabi/lib/thumb/v7-m/nofp\libc_nano.a(lib_a-init.o)
                0x0000000008002738                __libc_init_array
 .text.memset   0x0000000008002780       0x10 c:/st/stm32cubeide_1.12.0/stm32cubeide/plugins/com.st.stm32cube.ide.mcu.externaltools.gnu-tools-for-stm32.10.3-2021.10.win32_1.0.200.202301161003/tools/bin/../lib/gcc/arm-none-eabi/10.3.1/../../../../arm-none-eabi/lib/thumb/v7-m/nofp\libc_nano.a(lib_a-memset.o)
                0x0000000008002780                memset
 *(.glue_7)
 .glue_7        0x0000000008002790        0x0 linker stubs
 *(.glue_7t)
 .glue_7t       0x0000000008002790        0x0 linker stubs
 *(.eh_frame)
 .eh_frame      0x0000000008002790        0x0 c:/st/stm32cubeide_1.12.0/stm32cubeide/plugins/com.st.stm32cube.ide.mcu.externaltools.gnu-tools-for-stm32.10.3-2021.10.win32_1.0.200.202301161003/tools/bin/../lib/gcc/arm-none-eabi/10.3.1/thumb/v7-m/nofp/crtbegin.o
 *(.init)
 .init          0x0000000008002790        0x4 c:/st/stm32cubeide_1.12.0/stm32cubeide/plugins/com.st.stm32cube.ide.mcu.externaltools.gnu-tools-for-stm32.10.3-2021.10.win32_1.0.200.202301161003/tools/bin/../lib/gcc/arm-none-eabi/10.3.1/thumb/v7-m/nofp/crti.o
                0x0000000008002790                _init
 .init          0x0000000008002794        0x8 c:/st/stm32cubeide_1.12.0/stm32cubeide/plugins/com.st.stm32cube.ide.mcu.externaltools.gnu-tools-for-stm32.10.3-2021.10.win32_1.0.200.202301161003/tools/bin/../lib/gcc/arm-none-eabi/10.3.1/thumb/v7-m/nofp/crtn.o
 *(.fini)
 .fini          0x000000000800279c        0x4 c:/st/stm32cubeide_1.12.0/stm32cubeide/plugins/com.st.stm32cube.ide.mcu.externaltools.gnu-tools-for-stm32.10.3-2021.10.win32_1.0.200.202301161003/tools/bin/../lib/gcc/arm-none-eabi/10.3.1/thumb/v7-m/nofp/crti.o
                0x000000000800279c                _fini
 .fini          0x00000000080027a0        0x8 c:/st/stm32cubeide_1.12.0/stm32cubeide/plugins/com.st.stm32cube.ide.mcu.externaltools.gnu-tools-for-stm32.10.3-2021.10.win32_1.0.200.202301161003/tools/bin/../lib/gcc/arm-none-eabi/10.3.1/thumb/v7-m/nofp/crtn.o
                0x00000000080027a8                . = ALIGN (0x4)
                0x00000000080027a8                _etext = .

.vfp11_veneer   0x00000000080027a8        0x0
 .vfp11_veneer  0x00000000080027a8        0x0 linker stubs

.v4_bx          0x00000000080027a8        0x0
 .v4_bx         0x00000000080027a8        0x0 linker stubs

.iplt           0x00000000080027a8        0x0
 .iplt          0x00000000080027a8        0x0 c:/st/stm32cubeide_1.12.0/stm32cubeide/plugins/com.st.stm32cube.ide.mcu.externaltools.gnu-tools-for-stm32.10.3-2021.10.win32_1.0.200.202301161003/tools/bin/../lib/gcc/arm-none-eabi/10.3.1/thumb/v7-m/nofp/crtbegin.o

.rodata         0x00000000080027a8       0x64
                0x00000000080027a8                . = ALIGN (0x4)
 *(.rodata)
 .rodata        0x00000000080027a8       0x4a ./Core/Src/main.o
 *(.rodata*)
 *fill*         0x00000000080027f2        0x2 
 .rodata.AHBPrescTable
                0x00000000080027f4       0x10 ./Core/Src/system_stm32f2xx.o
                0x00000000080027f4                AHBPrescTable
 .rodata.APBPrescTable
                0x0000000008002804        0x8 ./Core/Src/system_stm32f2xx.o
                0x0000000008002804                APBPrescTable
                0x000000000800280c                . = ALIGN (0x4)

.ARM.extab      0x000000000800280c        0x0
                0x000000000800280c                . = ALIGN (0x4)
 *(.ARM.extab* .gnu.linkonce.armextab.*)
                0x000000000800280c                . = ALIGN (0x4)

.ARM            0x000000000800280c        0x8
                0x000000000800280c                . = ALIGN (0x4)
                0x000000000800280c                __exidx_start = .
 *(.ARM.exidx*)
 .ARM.exidx     0x000000000800280c        0x8 c:/st/stm32cubeide_1.12.0/stm32cubeide/plugins/com.st.stm32cube.ide.mcu.externaltools.gnu-tools-for-stm32.10.3-2021.10.win32_1.0.200.202301161003/tools/bin/../lib/gcc/arm-none-eabi/10.3.1/thumb/v7-m/nofp\libgcc.a(_udivmoddi4.o)
                0x0000000008002814                __exidx_end = .
                0x0000000008002814                . = ALIGN (0x4)

.rel.dyn        0x0000000008002814        0x0
 .rel.iplt      0x0000000008002814        0x0 c:/st/stm32cubeide_1.12.0/stm32cubeide/plugins/com.st.stm32cube.ide.mcu.externaltools.gnu-tools-for-stm32.10.3-2021.10.win32_1.0.200.202301161003/tools/bin/../lib/gcc/arm-none-eabi/10.3.1/thumb/v7-m/nofp/crtbegin.o

.preinit_array  0x0000000008002814        0x0
                0x0000000008002814                . = ALIGN (0x4)
                0x0000000008002814                PROVIDE (__preinit_array_start = .)
 *(.preinit_array*)
                0x0000000008002814                PROVIDE (__preinit_array_end = .)
                0x0000000008002814                . = ALIGN (0x4)

.init_array     0x0000000008002814        0x4
                0x0000000008002814                . = ALIGN (0x4)
                0x0000000008002814                PROVIDE (__init_array_start = .)
 *(SORT_BY_NAME(.init_array.*))
 *(.init_array*)
 .init_array    0x0000000008002814        0x4 c:/st/stm32cubeide_1.12.0/stm32cubeide/plugins/com.st.stm32cube.ide.mcu.externaltools.gnu-tools-for-stm32.10.3-2021.10.win32_1.0.200.202301161003/tools/bin/../lib/gcc/arm-none-eabi/10.3.1/thumb/v7-m/nofp/crtbegin.o
                0x0000000008002818                PROVIDE (__init_array_end = .)
                0x0000000008002818                . = ALIGN (0x4)

.fini_array     0x0000000008002818        0x4
                0x0000000008002818                . = ALIGN (0x4)
                [!provide]                        PROVIDE (__fini_array_start = .)
 *(SORT_BY_NAME(.fini_array.*))
 *(.fini_array*)
 .fini_array    0x0000000008002818        0x4 c:/st/stm32cubeide_1.12.0/stm32cubeide/plugins/com.st.stm32cube.ide.mcu.externaltools.gnu-tools-for-stm32.10.3-2021.10.win32_1.0.200.202301161003/tools/bin/../lib/gcc/arm-none-eabi/10.3.1/thumb/v7-m/nofp/crtbegin.o
                [!provide]                        PROVIDE (__fini_array_end = .)
                0x000000000800281c                . = ALIGN (0x4)
                0x000000000800281c                _sidata = LOADADDR (.data)

.data           0x0000000020000000       0x74 load address 0x000000000800281c
                0x0000000020000000                . = ALIGN (0x4)
                0x0000000020000000                _sdata = .
 *(.data)
 *(.data*)
 .data.Holding_Registers_Database
                0x0000000020000000       0x64 ./Core/Src/main.o
 .data.ID_Slave
                0x0000000020000064        0x1 ./Core/Src/main.o
                0x0000000020000064                ID_Slave
 *fill*         0x0000000020000065        0x3 
 .data.SystemCoreClock
                0x0000000020000068        0x4 ./Core/Src/system_stm32f2xx.o
                0x0000000020000068                SystemCoreClock
 .data.uwTickPrio
                0x000000002000006c        0x4 ./Drivers/STM32F2xx_HAL_Driver/Src/stm32f2xx_hal.o
                0x000000002000006c                uwTickPrio
 .data.uwTickFreq
                0x0000000020000070        0x1 ./Drivers/STM32F2xx_HAL_Driver/Src/stm32f2xx_hal.o
                0x0000000020000070                uwTickFreq
 *(.RamFunc)
 *(.RamFunc*)
                0x0000000020000074                . = ALIGN (0x4)
 *fill*         0x0000000020000071        0x3 
                0x0000000020000074                _edata = .

.igot.plt       0x0000000020000074        0x0 load address 0x0000000008002890
 .igot.plt      0x0000000020000074        0x0 c:/st/stm32cubeide_1.12.0/stm32cubeide/plugins/com.st.stm32cube.ide.mcu.externaltools.gnu-tools-for-stm32.10.3-2021.10.win32_1.0.200.202301161003/tools/bin/../lib/gcc/arm-none-eabi/10.3.1/thumb/v7-m/nofp/crtbegin.o
                0x0000000020000074                . = ALIGN (0x4)

.bss            0x0000000020000074      0x264 load address 0x0000000008002890
                0x0000000020000074                _sbss = .
                0x0000000020000074                __bss_start__ = _sbss
 *(.bss)
 .bss           0x0000000020000074       0x1c c:/st/stm32cubeide_1.12.0/stm32cubeide/plugins/com.st.stm32cube.ide.mcu.externaltools.gnu-tools-for-stm32.10.3-2021.10.win32_1.0.200.202301161003/tools/bin/../lib/gcc/arm-none-eabi/10.3.1/thumb/v7-m/nofp/crtbegin.o
 *(.bss*)
 .bss.huart2    0x0000000020000090       0x44 ./Core/Src/main.o
                0x0000000020000090                huart2
 .bss.Data_Received
                0x00000000200000d4      0x100 ./Core/Src/main.o
                0x00000000200000d4                Data_Received
 .bss.Data_Send
                0x00000000200001d4      0x100 ./Core/Src/main.o
                0x00000000200001d4                Data_Send
 .bss.uwTick    0x00000000200002d4        0x4 ./Drivers/STM32F2xx_HAL_Driver/Src/stm32f2xx_hal.o
                0x00000000200002d4                uwTick
 *(COMMON)
                0x00000000200002d8                . = ALIGN (0x4)
                0x00000000200002d8                _ebss = .
                0x00000000200002d8                __bss_end__ = _ebss

._user_heap_stack
                0x00000000200002d8      0x600 load address 0x0000000008002890
                0x00000000200002d8                . = ALIGN (0x8)
                [!provide]                        PROVIDE (end = .)
                0x00000000200002d8                PROVIDE (_end = .)
                0x00000000200004d8                . = (. + _Min_Heap_Size)
 *fill*         0x00000000200002d8      0x200 
                0x00000000200008d8                . = (. + _Min_Stack_Size)
 *fill*         0x00000000200004d8      0x400 
                0x00000000200008d8                . = ALIGN (0x8)

/DISCARD/
 libc.a(*)
 libm.a(*)
 libgcc.a(*)

.ARM.attributes
                0x0000000000000000       0x29
 *(.ARM.attributes)
 .ARM.attributes
                0x0000000000000000       0x1d c:/st/stm32cubeide_1.12.0/stm32cubeide/plugins/com.st.stm32cube.ide.mcu.externaltools.gnu-tools-for-stm32.10.3-2021.10.win32_1.0.200.202301161003/tools/bin/../lib/gcc/arm-none-eabi/10.3.1/thumb/v7-m/nofp/crti.o
 .ARM.attributes
                0x000000000000001d       0x2d c:/st/stm32cubeide_1.12.0/stm32cubeide/plugins/com.st.stm32cube.ide.mcu.externaltools.gnu-tools-for-stm32.10.3-2021.10.win32_1.0.200.202301161003/tools/bin/../lib/gcc/arm-none-eabi/10.3.1/thumb/v7-m/nofp/crtbegin.o
 .ARM.attributes
                0x000000000000004a       0x2d ./Core/Src/main.o
 .ARM.attributes
                0x0000000000000077       0x2d ./Core/Src/stm32f2xx_hal_msp.o
 .ARM.attributes
                0x00000000000000a4       0x2d ./Core/Src/stm32f2xx_it.o
 .ARM.attributes
                0x00000000000000d1       0x2d ./Core/Src/system_stm32f2xx.o
 .ARM.attributes
                0x00000000000000fe       0x21 ./Core/Startup/startup_stm32f205vetx.o
 .ARM.attributes
                0x000000000000011f       0x2d ./Drivers/STM32F2xx_HAL_Driver/Src/stm32f2xx_hal.o
 .ARM.attributes
                0x000000000000014c       0x2d ./Drivers/STM32F2xx_HAL_Driver/Src/stm32f2xx_hal_cortex.o
 .ARM.attributes
                0x0000000000000179       0x2d ./Drivers/STM32F2xx_HAL_Driver/Src/stm32f2xx_hal_dma.o
 .ARM.attributes
                0x00000000000001a6       0x2d ./Drivers/STM32F2xx_HAL_Driver/Src/stm32f2xx_hal_gpio.o
 .ARM.attributes
                0x00000000000001d3       0x2d ./Drivers/STM32F2xx_HAL_Driver/Src/stm32f2xx_hal_rcc.o
 .ARM.attributes
                0x0000000000000200       0x2d ./Drivers/STM32F2xx_HAL_Driver/Src/stm32f2xx_hal_uart.o
 .ARM.attributes
                0x000000000000022d       0x2d c:/st/stm32cubeide_1.12.0/stm32cubeide/plugins/com.st.stm32cube.ide.mcu.externaltools.gnu-tools-for-stm32.10.3-2021.10.win32_1.0.200.202301161003/tools/bin/../lib/gcc/arm-none-eabi/10.3.1/../../../../arm-none-eabi/lib/thumb/v7-m/nofp\libc_nano.a(lib_a-init.o)
 .ARM.attributes
                0x000000000000025a       0x2d c:/st/stm32cubeide_1.12.0/stm32cubeide/plugins/com.st.stm32cube.ide.mcu.externaltools.gnu-tools-for-stm32.10.3-2021.10.win32_1.0.200.202301161003/tools/bin/../lib/gcc/arm-none-eabi/10.3.1/../../../../arm-none-eabi/lib/thumb/v7-m/nofp\libc_nano.a(lib_a-memset.o)
 .ARM.attributes
                0x0000000000000287       0x1d c:/st/stm32cubeide_1.12.0/stm32cubeide/plugins/com.st.stm32cube.ide.mcu.externaltools.gnu-tools-for-stm32.10.3-2021.10.win32_1.0.200.202301161003/tools/bin/../lib/gcc/arm-none-eabi/10.3.1/thumb/v7-m/nofp\libgcc.a(_aeabi_uldivmod.o)
 .ARM.attributes
                0x00000000000002a4       0x2d c:/st/stm32cubeide_1.12.0/stm32cubeide/plugins/com.st.stm32cube.ide.mcu.externaltools.gnu-tools-for-stm32.10.3-2021.10.win32_1.0.200.202301161003/tools/bin/../lib/gcc/arm-none-eabi/10.3.1/thumb/v7-m/nofp\libgcc.a(_udivmoddi4.o)
 .ARM.attributes
                0x00000000000002d1       0x1d c:/st/stm32cubeide_1.12.0/stm32cubeide/plugins/com.st.stm32cube.ide.mcu.externaltools.gnu-tools-for-stm32.10.3-2021.10.win32_1.0.200.202301161003/tools/bin/../lib/gcc/arm-none-eabi/10.3.1/thumb/v7-m/nofp\libgcc.a(_dvmd_tls.o)
 .ARM.attributes
                0x00000000000002ee       0x1d c:/st/stm32cubeide_1.12.0/stm32cubeide/plugins/com.st.stm32cube.ide.mcu.externaltools.gnu-tools-for-stm32.10.3-2021.10.win32_1.0.200.202301161003/tools/bin/../lib/gcc/arm-none-eabi/10.3.1/thumb/v7-m/nofp/crtn.o
OUTPUT(F205VE_Modbus_RTU.elf elf32-littlearm)
LOAD linker stubs
LOAD c:/st/stm32cubeide_1.12.0/stm32cubeide/plugins/com.st.stm32cube.ide.mcu.externaltools.gnu-tools-for-stm32.10.3-2021.10.win32_1.0.200.202301161003/tools/bin/../lib/gcc/arm-none-eabi/10.3.1/../../../../arm-none-eabi/lib/thumb/v7-m/nofp\libc.a
LOAD c:/st/stm32cubeide_1.12.0/stm32cubeide/plugins/com.st.stm32cube.ide.mcu.externaltools.gnu-tools-for-stm32.10.3-2021.10.win32_1.0.200.202301161003/tools/bin/../lib/gcc/arm-none-eabi/10.3.1/../../../../arm-none-eabi/lib/thumb/v7-m/nofp\libm.a
LOAD c:/st/stm32cubeide_1.12.0/stm32cubeide/plugins/com.st.stm32cube.ide.mcu.externaltools.gnu-tools-for-stm32.10.3-2021.10.win32_1.0.200.202301161003/tools/bin/../lib/gcc/arm-none-eabi/10.3.1/thumb/v7-m/nofp\libgcc.a

.debug_info     0x0000000000000000     0x6e97
 .debug_info    0x0000000000000000      0xf63 ./Core/Src/main.o
 .debug_info    0x0000000000000f63      0xbc2 ./Core/Src/stm32f2xx_hal_msp.o
 .debug_info    0x0000000000001b25      0x65a ./Core/Src/stm32f2xx_it.o
 .debug_info    0x000000000000217f      0x368 ./Core/Src/system_stm32f2xx.o
 .debug_info    0x00000000000024e7       0x22 ./Core/Startup/startup_stm32f205vetx.o
 .debug_info    0x0000000000002509      0x9eb ./Drivers/STM32F2xx_HAL_Driver/Src/stm32f2xx_hal.o
 .debug_info    0x0000000000002ef4      0xe09 ./Drivers/STM32F2xx_HAL_Driver/Src/stm32f2xx_hal_cortex.o
 .debug_info    0x0000000000003cfd      0x94f ./Drivers/STM32F2xx_HAL_Driver/Src/stm32f2xx_hal_dma.o
 .debug_info    0x000000000000464c      0x730 ./Drivers/STM32F2xx_HAL_Driver/Src/stm32f2xx_hal_gpio.o
 .debug_info    0x0000000000004d7c      0xaf7 ./Drivers/STM32F2xx_HAL_Driver/Src/stm32f2xx_hal_rcc.o
 .debug_info    0x0000000000005873     0x1624 ./Drivers/STM32F2xx_HAL_Driver/Src/stm32f2xx_hal_uart.o

.debug_abbrev   0x0000000000000000     0x165e
 .debug_abbrev  0x0000000000000000      0x327 ./Core/Src/main.o
 .debug_abbrev  0x0000000000000327      0x1b2 ./Core/Src/stm32f2xx_hal_msp.o
 .debug_abbrev  0x00000000000004d9      0x15f ./Core/Src/stm32f2xx_it.o
 .debug_abbrev  0x0000000000000638      0x116 ./Core/Src/system_stm32f2xx.o
 .debug_abbrev  0x000000000000074e       0x12 ./Core/Startup/startup_stm32f205vetx.o
 .debug_abbrev  0x0000000000000760      0x27d ./Drivers/STM32F2xx_HAL_Driver/Src/stm32f2xx_hal.o
 .debug_abbrev  0x00000000000009dd      0x316 ./Drivers/STM32F2xx_HAL_Driver/Src/stm32f2xx_hal_cortex.o
 .debug_abbrev  0x0000000000000cf3      0x25b ./Drivers/STM32F2xx_HAL_Driver/Src/stm32f2xx_hal_dma.o
 .debug_abbrev  0x0000000000000f4e      0x1bb ./Drivers/STM32F2xx_HAL_Driver/Src/stm32f2xx_hal_gpio.o
 .debug_abbrev  0x0000000000001109      0x2c8 ./Drivers/STM32F2xx_HAL_Driver/Src/stm32f2xx_hal_rcc.o
 .debug_abbrev  0x00000000000013d1      0x28d ./Drivers/STM32F2xx_HAL_Driver/Src/stm32f2xx_hal_uart.o

.debug_aranges  0x0000000000000000      0x6d8
 .debug_aranges
                0x0000000000000000       0x78 ./Core/Src/main.o
 .debug_aranges
                0x0000000000000078       0x30 ./Core/Src/stm32f2xx_hal_msp.o
 .debug_aranges
                0x00000000000000a8       0x68 ./Core/Src/stm32f2xx_it.o
 .debug_aranges
                0x0000000000000110       0x28 ./Core/Src/system_stm32f2xx.o
 .debug_aranges
                0x0000000000000138       0x28 ./Core/Startup/startup_stm32f205vetx.o
 .debug_aranges
                0x0000000000000160       0xf0 ./Drivers/STM32F2xx_HAL_Driver/Src/stm32f2xx_hal.o
 .debug_aranges
                0x0000000000000250      0x118 ./Drivers/STM32F2xx_HAL_Driver/Src/stm32f2xx_hal_cortex.o
 .debug_aranges
                0x0000000000000368       0x90 ./Drivers/STM32F2xx_HAL_Driver/Src/stm32f2xx_hal_dma.o
 .debug_aranges
                0x00000000000003f8       0x58 ./Drivers/STM32F2xx_HAL_Driver/Src/stm32f2xx_hal_gpio.o
 .debug_aranges
                0x0000000000000450       0x88 ./Drivers/STM32F2xx_HAL_Driver/Src/stm32f2xx_hal_rcc.o
 .debug_aranges
                0x00000000000004d8      0x200 ./Drivers/STM32F2xx_HAL_Driver/Src/stm32f2xx_hal_uart.o

.debug_ranges   0x0000000000000000      0x660
 .debug_ranges  0x0000000000000000       0x68 ./Core/Src/main.o
 .debug_ranges  0x0000000000000068       0x20 ./Core/Src/stm32f2xx_hal_msp.o
 .debug_ranges  0x0000000000000088       0x58 ./Core/Src/stm32f2xx_it.o
 .debug_ranges  0x00000000000000e0       0x18 ./Core/Src/system_stm32f2xx.o
 .debug_ranges  0x00000000000000f8       0x20 ./Core/Startup/startup_stm32f205vetx.o
 .debug_ranges  0x0000000000000118       0xe0 ./Drivers/STM32F2xx_HAL_Driver/Src/stm32f2xx_hal.o
 .debug_ranges  0x00000000000001f8      0x108 ./Drivers/STM32F2xx_HAL_Driver/Src/stm32f2xx_hal_cortex.o
 .debug_ranges  0x0000000000000300       0x80 ./Drivers/STM32F2xx_HAL_Driver/Src/stm32f2xx_hal_dma.o
 .debug_ranges  0x0000000000000380       0x48 ./Drivers/STM32F2xx_HAL_Driver/Src/stm32f2xx_hal_gpio.o
 .debug_ranges  0x00000000000003c8       0x78 ./Drivers/STM32F2xx_HAL_Driver/Src/stm32f2xx_hal_rcc.o
 .debug_ranges  0x0000000000000440      0x220 ./Drivers/STM32F2xx_HAL_Driver/Src/stm32f2xx_hal_uart.o

.debug_macro    0x0000000000000000    0x1c316
 .debug_macro   0x0000000000000000      0x1bd ./Core/Src/main.o
 .debug_macro   0x00000000000001bd      0xa6c ./Core/Src/main.o
 .debug_macro   0x0000000000000c29      0x238 ./Core/Src/main.o
 .debug_macro   0x0000000000000e61       0x2e ./Core/Src/main.o
 .debug_macro   0x0000000000000e8f       0x22 ./Core/Src/main.o
 .debug_macro   0x0000000000000eb1       0x22 ./Core/Src/main.o
 .debug_macro   0x0000000000000ed3       0x8e ./Core/Src/main.o
 .debug_macro   0x0000000000000f61       0x51 ./Core/Src/main.o
 .debug_macro   0x0000000000000fb2      0x103 ./Core/Src/main.o
 .debug_macro   0x00000000000010b5       0x6a ./Core/Src/main.o
 .debug_macro   0x000000000000111f      0x1df ./Core/Src/main.o
 .debug_macro   0x00000000000012fe       0x1c ./Core/Src/main.o
 .debug_macro   0x000000000000131a       0x22 ./Core/Src/main.o
 .debug_macro   0x000000000000133c       0xbd ./Core/Src/main.o
 .debug_macro   0x00000000000013f9      0xe49 ./Core/Src/main.o
 .debug_macro   0x0000000000002242      0x11f ./Core/Src/main.o
 .debug_macro   0x0000000000002361    0x133fd ./Core/Src/main.o
 .debug_macro   0x000000000001575e       0x43 ./Core/Src/main.o
 .debug_macro   0x00000000000157a1     0x358e ./Core/Src/main.o
 .debug_macro   0x0000000000018d2f      0x174 ./Core/Src/main.o
 .debug_macro   0x0000000000018ea3       0x55 ./Core/Src/main.o
 .debug_macro   0x0000000000018ef8     0x1057 ./Core/Src/main.o
 .debug_macro   0x0000000000019f4f       0x4a ./Core/Src/main.o
 .debug_macro   0x0000000000019f99      0x170 ./Core/Src/main.o
 .debug_macro   0x000000000001a109      0x116 ./Core/Src/main.o
 .debug_macro   0x000000000001a21f       0xfa ./Core/Src/main.o
 .debug_macro   0x000000000001a319       0xa5 ./Core/Src/main.o
 .debug_macro   0x000000000001a3be      0x16a ./Core/Src/main.o
 .debug_macro   0x000000000001a528      0x287 ./Core/Src/main.o
 .debug_macro   0x000000000001a7af       0x5f ./Core/Src/main.o
 .debug_macro   0x000000000001a80e      0x236 ./Core/Src/main.o
 .debug_macro   0x000000000001aa44      0x126 ./Core/Src/main.o
 .debug_macro   0x000000000001ab6a      0x216 ./Core/Src/main.o
 .debug_macro   0x000000000001ad80       0x2e ./Core/Src/main.o
 .debug_macro   0x000000000001adae      0x113 ./Core/Src/main.o
 .debug_macro   0x000000000001aec1       0x22 ./Core/Src/main.o
 .debug_macro   0x000000000001aee3       0x82 ./Core/Src/main.o
 .debug_macro   0x000000000001af65      0x295 ./Core/Src/main.o
 .debug_macro   0x000000000001b1fa      0x12d ./Core/Src/main.o
 .debug_macro   0x000000000001b327      0x1bd ./Core/Src/stm32f2xx_hal_msp.o
 .debug_macro   0x000000000001b4e4      0x1c7 ./Core/Src/stm32f2xx_it.o
 .debug_macro   0x000000000001b6ab      0x1b3 ./Core/Src/system_stm32f2xx.o
 .debug_macro   0x000000000001b85e      0x201 ./Drivers/STM32F2xx_HAL_Driver/Src/stm32f2xx_hal.o
 .debug_macro   0x000000000001ba5f      0x1b3 ./Drivers/STM32F2xx_HAL_Driver/Src/stm32f2xx_hal_cortex.o
 .debug_macro   0x000000000001bc12      0x1b9 ./Drivers/STM32F2xx_HAL_Driver/Src/stm32f2xx_hal_dma.o
 .debug_macro   0x000000000001bdcb      0x1ba ./Drivers/STM32F2xx_HAL_Driver/Src/stm32f2xx_hal_gpio.o
 .debug_macro   0x000000000001bf85      0x1dd ./Drivers/STM32F2xx_HAL_Driver/Src/stm32f2xx_hal_rcc.o
 .debug_macro   0x000000000001c162      0x1b4 ./Drivers/STM32F2xx_HAL_Driver/Src/stm32f2xx_hal_uart.o

.debug_line     0x0000000000000000     0x7748
 .debug_line    0x0000000000000000      0xa74 ./Core/Src/main.o
 .debug_line    0x0000000000000a74      0x6c1 ./Core/Src/stm32f2xx_hal_msp.o
 .debug_line    0x0000000000001135      0x74c ./Core/Src/stm32f2xx_it.o
 .debug_line    0x0000000000001881      0x6ee ./Core/Src/system_stm32f2xx.o
 .debug_line    0x0000000000001f6f       0x88 ./Core/Startup/startup_stm32f205vetx.o
 .debug_line    0x0000000000001ff7      0x985 ./Drivers/STM32F2xx_HAL_Driver/Src/stm32f2xx_hal.o
 .debug_line    0x000000000000297c      0xc08 ./Drivers/STM32F2xx_HAL_Driver/Src/stm32f2xx_hal_cortex.o
 .debug_line    0x0000000000003584      0xec0 ./Drivers/STM32F2xx_HAL_Driver/Src/stm32f2xx_hal_dma.o
 .debug_line    0x0000000000004444      0xad5 ./Drivers/STM32F2xx_HAL_Driver/Src/stm32f2xx_hal_gpio.o
 .debug_line    0x0000000000004f19      0xe0b ./Drivers/STM32F2xx_HAL_Driver/Src/stm32f2xx_hal_rcc.o
 .debug_line    0x0000000000005d24     0x1a24 ./Drivers/STM32F2xx_HAL_Driver/Src/stm32f2xx_hal_uart.o

.debug_str      0x0000000000000000    0xab4c9
 .debug_str     0x0000000000000000    0xa97f5 ./Core/Src/main.o
                                      0xa9ac9 (size before relaxing)
 .debug_str     0x00000000000a97f5      0x5e5 ./Core/Src/stm32f2xx_hal_msp.o
                                      0xa9d37 (size before relaxing)
 .debug_str     0x00000000000a9dda       0xef ./Core/Src/stm32f2xx_it.o
                                      0xa9735 (size before relaxing)
 .debug_str     0x00000000000a9ec9       0x87 ./Core/Src/system_stm32f2xx.o
                                      0xa9383 (size before relaxing)
 .debug_str     0x00000000000a9f50       0x36 ./Core/Startup/startup_stm32f205vetx.o
                                         0x7a (size before relaxing)
 .debug_str     0x00000000000a9f86      0x56d ./Drivers/STM32F2xx_HAL_Driver/Src/stm32f2xx_hal.o
                                      0xa9eae (size before relaxing)
 .debug_str     0x00000000000aa4f3      0x381 ./Drivers/STM32F2xx_HAL_Driver/Src/stm32f2xx_hal_cortex.o
                                      0xa9c73 (size before relaxing)
 .debug_str     0x00000000000aa874      0x328 ./Drivers/STM32F2xx_HAL_Driver/Src/stm32f2xx_hal_dma.o
                                      0xa97f1 (size before relaxing)
 .debug_str     0x00000000000aab9c      0x15b ./Drivers/STM32F2xx_HAL_Driver/Src/stm32f2xx_hal_gpio.o
                                      0xa9541 (size before relaxing)
 .debug_str     0x00000000000aacf7      0x25c ./Drivers/STM32F2xx_HAL_Driver/Src/stm32f2xx_hal_rcc.o
                                      0xa9835 (size before relaxing)
 .debug_str     0x00000000000aaf53      0x576 ./Drivers/STM32F2xx_HAL_Driver/Src/stm32f2xx_hal_uart.o
                                      0xa9d72 (size before relaxing)

.comment        0x0000000000000000       0x50
 .comment       0x0000000000000000       0x50 ./Core/Src/main.o
                                         0x51 (size before relaxing)
 .comment       0x0000000000000050       0x51 ./Core/Src/stm32f2xx_hal_msp.o
 .comment       0x0000000000000050       0x51 ./Core/Src/stm32f2xx_it.o
 .comment       0x0000000000000050       0x51 ./Core/Src/system_stm32f2xx.o
 .comment       0x0000000000000050       0x51 ./Drivers/STM32F2xx_HAL_Driver/Src/stm32f2xx_hal.o
 .comment       0x0000000000000050       0x51 ./Drivers/STM32F2xx_HAL_Driver/Src/stm32f2xx_hal_cortex.o
 .comment       0x0000000000000050       0x51 ./Drivers/STM32F2xx_HAL_Driver/Src/stm32f2xx_hal_dma.o
 .comment       0x0000000000000050       0x51 ./Drivers/STM32F2xx_HAL_Driver/Src/stm32f2xx_hal_gpio.o
 .comment       0x0000000000000050       0x51 ./Drivers/STM32F2xx_HAL_Driver/Src/stm32f2xx_hal_rcc.o
 .comment       0x0000000000000050       0x51 ./Drivers/STM32F2xx_HAL_Driver/Src/stm32f2xx_hal_uart.o

.debug_frame    0x0000000000000000     0x1b2c
 .debug_frame   0x0000000000000000      0x1b4 ./Core/Src/main.o
 .debug_frame   0x00000000000001b4       0x80 ./Core/Src/stm32f2xx_hal_msp.o
 .debug_frame   0x0000000000000234      0x120 ./Core/Src/stm32f2xx_it.o
 .debug_frame   0x0000000000000354       0x58 ./Core/Src/system_stm32f2xx.o
 .debug_frame   0x00000000000003ac      0x384 ./Drivers/STM32F2xx_HAL_Driver/Src/stm32f2xx_hal.o
 .debug_frame   0x0000000000000730      0x498 ./Drivers/STM32F2xx_HAL_Driver/Src/stm32f2xx_hal_cortex.o
 .debug_frame   0x0000000000000bc8      0x250 ./Drivers/STM32F2xx_HAL_Driver/Src/stm32f2xx_hal_dma.o
 .debug_frame   0x0000000000000e18      0x14c ./Drivers/STM32F2xx_HAL_Driver/Src/stm32f2xx_hal_gpio.o
 .debug_frame   0x0000000000000f64      0x208 ./Drivers/STM32F2xx_HAL_Driver/Src/stm32f2xx_hal_rcc.o
 .debug_frame   0x000000000000116c      0x914 ./Drivers/STM32F2xx_HAL_Driver/Src/stm32f2xx_hal_uart.o
 .debug_frame   0x0000000000001a80       0x2c c:/st/stm32cubeide_1.12.0/stm32cubeide/plugins/com.st.stm32cube.ide.mcu.externaltools.gnu-tools-for-stm32.10.3-2021.10.win32_1.0.200.202301161003/tools/bin/../lib/gcc/arm-none-eabi/10.3.1/../../../../arm-none-eabi/lib/thumb/v7-m/nofp\libc_nano.a(lib_a-init.o)
 .debug_frame   0x0000000000001aac       0x20 c:/st/stm32cubeide_1.12.0/stm32cubeide/plugins/com.st.stm32cube.ide.mcu.externaltools.gnu-tools-for-stm32.10.3-2021.10.win32_1.0.200.202301161003/tools/bin/../lib/gcc/arm-none-eabi/10.3.1/../../../../arm-none-eabi/lib/thumb/v7-m/nofp\libc_nano.a(lib_a-memset.o)
 .debug_frame   0x0000000000001acc       0x2c c:/st/stm32cubeide_1.12.0/stm32cubeide/plugins/com.st.stm32cube.ide.mcu.externaltools.gnu-tools-for-stm32.10.3-2021.10.win32_1.0.200.202301161003/tools/bin/../lib/gcc/arm-none-eabi/10.3.1/thumb/v7-m/nofp\libgcc.a(_aeabi_uldivmod.o)
 .debug_frame   0x0000000000001af8       0x34 c:/st/stm32cubeide_1.12.0/stm32cubeide/plugins/com.st.stm32cube.ide.mcu.externaltools.gnu-tools-for-stm32.10.3-2021.10.win32_1.0.200.202301161003/tools/bin/../lib/gcc/arm-none-eabi/10.3.1/thumb/v7-m/nofp\libgcc.a(_udivmoddi4.o)
