../Core/Src/main.c:100:5:main	8	static
../Core/Src/main.c:155:6:SystemClock_Config	80	static
../Core/Src/main.c:192:13:MX_USART2_UART_Init	8	static
../Core/Src/main.c:225:13:MX_GPIO_Init	16	static
../Core/Src/main.c:238:10:calculate_crc	32	static
../Core/Src/main.c:255:9:check_crc	24	static
../Core/Src/main.c:270:6:Send_data_crc	24	static
../Core/Src/main.c:284:9:readHoldingRegs	24	static
../Core/Src/main.c:325:9:writeMultRegs	24	static
../Core/Src/main.c:369:6:HAL_UARTEx_RxEventCallback	120	static
../Core/Src/main.c:420:6:send_char	16	static
../Core/Src/main.c:430:6:Error_Handler	4	static,ignoring_inline_asm
